informatica@lai2-05:~/Desktop/ProgettoGavris$ git init
hint: Using 'master' as the name for the initial branch. This default branch name
hint: is subject to change. To configure the initial branch name to use in all
hint: of your new repositories, which will suppress this warning, call:
hint: 
hint:   git config --global init.defaultBranch <name>
hint: 
hint: Names commonly chosen instead of 'master' are 'main', 'trunk' and
hint: 'development'. The just-created branch can be renamed via this command:
hint: 
hint:   git branch -m <name>
Initialized empty Git repository in /home/informatica/Desktop/ProgettoGavris/.git/
informatica@lai2-05:~/Desktop/ProgettoGavris$ git config user.name "GavrisFlavius07"
informatica@lai2-05:~/Desktop/ProgettoGavris$ git config user.email "gavris.flavius@itismeucci.com"
informatica@lai2-05:~/Desktop/ProgettoGavris$ git add .
informatica@lai2-05:~/Desktop/ProgettoGavris$ git commit -m "titolo con sfondo blu allineato al centro"
[master (root-commit) abadf22] titolo con sfondo blu allineato al centro
 3 files changed, 17 insertions(+)
 create mode 100644 css/stylesheet.css
 create mode 100644 index.html
 create mode 100644 js/script.js
informatica@lai2-05:~/Desktop/ProgettoGavris$ git log
commit abadf222649089d2bbda0883dc62ad5997a24aba (HEAD -> master)
Author: GavrisFlavius07 <gavris.flavius@itismeucci.com>
Date:   Thu Mar 27 09:26:46 2025 +0100

    titolo con sfondo blu allineato al centro
informatica@lai2-05:~/Desktop/ProgettoGavris$ git status
On branch master
Changes not staged for commit:
  (use "git add <file>..." to update what will be committed)
  (use "git restore <file>..." to discard changes in working directory)
        modified:   index.html
        modified:   js/script.js

no changes added to commit (use "git add" and/or "git commit -a")
informatica@lai2-05:~/Desktop/ProgettoGavris$ gid add .
Command 'gid' not found, but can be installed with:
apt install id-utils
Please ask your administrator.
informatica@lai2-05:~/Desktop/ProgettoGavris$ git add .
informatica@lai2-05:~/Desktop/ProgettoGavris$ git commit -m "aggiunta navbar"
[master a8ce640] aggiunta navbar
 2 files changed, 40 insertions(+)
informatica@lai2-05:~/Desktop/ProgettoGavris$ git status
On branch master
Untracked files:
  (use "git add <file>..." to include in what will be committed)
        traccia.txt

nothing added to commit but untracked files present (use "git add" to track)
informatica@lai2-05:~/Desktop/ProgettoGavris$ git add .
informatica@lai2-05:~/Desktop/ProgettoGavris$ git commit -m "file gitignore file txt"
[master 237ab5d] file gitignore file txt
 2 files changed, 2 insertions(+), 1 deletion(-)
 create mode 100644 .gitignore
informatica@lai2-05:~/Desktop/ProgettoGavris$ git add .
informatica@lai2-05:~/Desktop/ProgettoGavris$ git commit -m "add script js"
[master 49d714b] add script js
 1 file changed, 3 insertions(+), 1 deletion(-)
informatica@lai2-05:~/Desktop/ProgettoGavris$ q
Command 'q' not found, but can be installed with:
snap install q                       # version 1.6.3-1, or
apt  install python3-q-text-as-data  # version 3.1.6-1
See 'snap info q' for additional versions.
informatica@lai2-05:~/Desktop/ProgettoGavris$ git reset --hard HEAD^
HEAD is now at 237ab5d file gitignore file txt
informatica@lai2-05:~/Desktop/ProgettoGavris$ 